[www.zenith.gg/index.html]
[backblue.gif]
[fade.gif]
[index.html]
[www.zenith.gg/wp-includes/css/dist/block-library/style.min.css]
[www.zenith.gg/wp-content/plugins/contact-form-7/includes/css/stylesa94e.css]
[www.zenith.gg/wp-content/plugins/revslider/public/assets/css/settings23da.css]
[www.zenith.gg/wp-content/plugins/timetable/style/superfish.css]
[www.zenith.gg/feed/index.html]
[www.zenith.gg/wp-content/plugins/timetable/style/style.css]
[www.zenith.gg/comments/feed/index.html]
[www.zenith.gg/wp-content/plugins/timetable/style/event_template.css]
[www.zenith.gg/wp-content/plugins/timetable/style/responsive.css]
[www.zenith.gg/wp-content/themes/playerx/style.css]
[www.zenith.gg/wp-content/themes/playerx/assets/css/modules.min.css]
[www.zenith.gg/wp-content/themes/playerx/framework/lib/icons-pack/dripicons/dripicons.css]
[www.zenith.gg/wp-content/themes/playerx/framework/lib/icons-pack/elegant-icons/style.min.css]
[www.zenith.gg/wp-content/themes/playerx/framework/lib/icons-pack/font-awesome/css/fontawesome-all.min.css]
[www.zenith.gg/wp-content/themes/playerx/framework/lib/icons-pack/ion-icons/css/ionicons.min.css]
[www.zenith.gg/wp-content/themes/playerx/framework/lib/icons-pack/linea-icons/style.css]
[www.zenith.gg/wp-content/themes/playerx/framework/lib/icons-pack/linear-icons/style.css]
[www.zenith.gg/wp-content/themes/playerx/framework/lib/icons-pack/simple-line-icons/simple-line-icons.css]
[www.zenith.gg/wp-includes/js/mediaelement/mediaelementplayer-legacy.minc270.css]
[www.zenith.gg/wp-includes/js/mediaelement/wp-mediaelement.min.css]
[www.zenith.gg/wp-content/themes/playerx/assets/css/woocommerce.min.css]
[www.zenith.gg/wp-content/themes/playerx/assets/css/woocommerce-responsive.min.css]
[www.zenith.gg/wp-content/themes/playerx/assets/css/style_dynamiccdef.css]
[www.zenith.gg/wp-content/themes/playerx/assets/css/modules-responsive.min.css]
[www.zenith.gg/wp-content/themes/playerx/assets/css/style_dynamic_responsivecdef.css]
[www.zenith.gg/wp-content/plugins/js_composer/assets/css/js_composer.min7e15.css]
[www.zenith.gg/wp-includes/js/jquery/jquery4a5f.js]
[www.zenith.gg/wp-includes/js/jquery/jquery-migrate.min330a.js]
[www.zenith.gg/wp-content/plugins/revslider/public/assets/js/jquery.themepunch.tools.min23da.js]
[www.zenith.gg/wp-content/plugins/revslider/public/assets/js/jquery.themepunch.revolution.min23da.js]
[www.zenith.gg/wp-content/plugins/woocommerce/assets/js/jquery-blockui/jquery.blockUI.min44fd.js]
[www.zenith.gg/wp-content/plugins/woocommerce/assets/js/frontend/add-to-cart.min49eb.js]
[www.zenith.gg/wp-content/plugins/js_composer/assets/js/vendors/woocommerce-add-to-cart7e15.js]
[www.zenith.gg/xmlrpc0db0.php]
[www.zenith.gg/wp-includes/wlwmanifest.xml]
[www.zenith.gg/wp-json/index.html]
[www.zenith.gg/wp-json/oembed/1.0/embedbbdb.json]
[www.zenith.gg/wp-content/uploads/2016/02/FAVICON-ALPHA.png]
[www.zenith.gg/wp-json/oembed/1.0/embede67a]
[www.zenith.gg/wp-content/uploads/2018/12/cropped-ZenithWhiteTransparent-e1545974038569-32x32.png]
[www.zenith.gg/wp-content/uploads/2018/12/cropped-ZenithWhiteTransparent-e1545974038569-192x192.png]
[www.zenith.gg/wp-content/uploads/2018/12/cropped-ZenithWhiteTransparent-e1545974038569-180x180.png]
[www.google-analytics.com/analytics.js]
[platform.twitter.com/widgets.js]
[www.zenith.gg/wp-content/uploads/2018/06/logo-background-img.jpg]
[www.zenith.gg/wp-content/uploads/2018/12/ZenithWhiteTransparent-e1545974038569.png]
[www.zenith.gg/about-us/index.html]
[www.zenith.gg/wp-content/uploads/2019/07/Zenith-MobileHeader.png]
[www.zenith.gg/team/index.html]
[www.zenith.gg/wp-content/uploads/2019/01/123123.png]
[www.zenith.gg/wp-content/uploads/2018/06/p3-background-img-1.jpg]
[www.zenith.gg/wp-content/uploads/2019/08/SureThing_Media_Logo-e1565795092527.png]
[www.zenith.gg/wp-content/uploads/2019/02/zenith-Esports.png]
[www.zenith.gg/wp-content/uploads/2018/12/red-gradient-background.png]
[www.zenith.gg/wp-content/uploads/2019/01/ZEN_Pubg.png]
[www.zenith.gg/wp-content/plugins/playerx-core/assets/img/vs_dark.png]
[www.zenith.gg/pubg/index.html]
[www.zenith.gg/wp-content/uploads/2019/06/National_PUBG_League_final.png]
[www.zenith.gg/wp-content/uploads/2019/01/ZEN_LOL.png]
[www.zenith.gg/wp-content/plugins/playerx-core/assets/img/vs_finished.png]
[www.zenith.gg/wp-content/uploads/2019/08/Radiancelogo.png]
[www.zenith.gg/wp-content/uploads/2019/08/The_Expendableslogo.png]
[www.zenith.gg/lol/index.html]
[www.zenith.gg/wp-content/uploads/2019/06/ANEW-Esports-300x229.png]
[www.zenith.gg/blog/index.html]
[www.zenith.gg/wp-content/uploads/2019/07/20190623_172052.jpg]
[www.zenith.gg/wp-content/uploads/2019/07/NPL_Relegation_D2_4454_UER.jpg]
[www.zenith.gg/wp-content/uploads/2019/01/wichita2018atlan.jpg]
[www.zenith.gg/wp-content/uploads/2019/01/wichita2018.jpg]
[www.zenith.gg/contact-us/index.html]
[www.zenith.gg/wp-content/uploads/2019/01/Teampls.jpg]
[www.zenith.gg/2016/03/01/proper-wave-management-in-game-applications/index.html]
[www.zenith.gg/wp-content/uploads/2019/01/onstage.jpg]
[www.zenith.gg/wp-content/uploads/2019/01/winners.jpg]
[www.zenith.gg/wp-content/uploads/2018/12/hoodie-back.jpg]
[www.zenith.gg/wp-content/uploads/2018/12/PRODUCT_zenith-jersey-front-300x300.jpg]
[www.zenith.gg/wp-content/uploads/2018/12/PRODUCT_zenith-wrist-300x300.jpg]
[www.zenith.gg/wp-content/uploads/2018/12/PRODUCT_zenith-clean-jacket-300x300.jpg]
[www.zenith.gg/2016/03/08/proper-wave-management-adapting-champion-scaling/index.html]
[www.zenith.gg/wp-content/uploads/2018/12/PRODUCT_zenith-black-zip-300x300.jpg]
[www.zenith.gg/wp-content/plugins/contact-form-7/includes/js/jquery.form.mind03d.js]
[www.zenith.gg/2016/03/14/proper-wave-management-adapting-champion-scaling-part-2/index.html]
[www.zenith.gg/wp-content/plugins/contact-form-7/includes/js/scriptsa94e.js]
[www.zenith.gg/wp-includes/js/jquery/ui/core.mine899.js]
[www.zenith.gg/wp-includes/js/jquery/ui/widget.mine899.js]
[www.zenith.gg/wp-includes/js/jquery/ui/tabs.mine899.js]
[www.zenith.gg/wp-content/plugins/timetable/js/jquery.ba-bbq.min.js]
[www.zenith.gg/match-item/pubg-npl-phase-3/index.html]
[www.zenith.gg/wp-content/plugins/timetable/js/jquery.carouFredSel-6.2.1-packed.js]
[www.zenith.gg/wp-content/plugins/timetable/js/timetable.js]
[www.zenith.gg/wp-content/plugins/woocommerce/assets/js/js-cookie/js.cookie.min6b25.js]
[www.zenith.gg/wp-content/plugins/woocommerce/assets/js/frontend/woocommerce.min49eb.js]
[www.zenith.gg/match-item/p1e-zenith-lol-vs-radiance/index.html]
[www.zenith.gg/wp-content/plugins/woocommerce/assets/js/frontend/cart-fragments.min49eb.js]
[www.zenith.gg/wp-includes/js/jquery/ui/accordion.mine899.js]
[www.zenith.gg/wp-includes/js/mediaelement/mediaelement-and-player.minc270.js]
[www.zenith.gg/match-item/p1e-zenith-lol-vs-the-expendables/index.html]
[www.zenith.gg/wp-includes/js/mediaelement/mediaelement-migrate.min.js]
[www.zenith.gg/wp-includes/js/mediaelement/wp-mediaelement.min.js]
[www.zenith.gg/wp-content/themes/playerx/assets/js/modules/plugins/jquery.appear.js]
[www.zenith.gg/match-item/zenith-pubg-vs-npl-relegation/index.html]
[www.zenith.gg/wp-content/themes/playerx/assets/js/modules/plugins/modernizr.min.js]
[www.zenith.gg/match-item/zenith-lol-vs-anew-esports/index.html]
[www.zenith.gg/wp-content/themes/playerx/assets/js/modules/plugins/jquery.hoverIntent.min.js]
[www.zenith.gg/wp-content/themes/playerx/assets/js/modules/plugins/jquery.plugin.js]
[www.zenith.gg/wp-content/themes/playerx/assets/js/modules/plugins/owl.carousel.min.js]
[www.zenith.gg/wp-content/plugins/js_composer/assets/lib/waypoints/waypoints.min7e15.js]
[www.zenith.gg/wp-content/themes/playerx/assets/js/modules/plugins/fluidvids.min.js]
[www.zenith.gg/wp-content/themes/playerx/assets/js/modules/plugins/perfect-scrollbar.jquery.min.js]
[www.zenith.gg/wp-content/themes/playerx/assets/js/modules/plugins/ScrollToPlugin.min.js]
[www.zenith.gg/wp-content/themes/playerx/assets/js/modules/plugins/parallax.min.js]
[www.zenith.gg/wp-content/plugins/js_composer/assets/lib/prettyphoto/js/jquery.prettyPhoto.min7e15.js]
[www.zenith.gg/wp-content/themes/playerx/assets/js/modules/plugins/jquery.mousewheel.min.js]
[www.zenith.gg/wp-content/themes/playerx/assets/js/modules/plugins/jquery.waitforimages.js]
[www.zenith.gg/wp-content/themes/playerx/assets/js/modules/plugins/jquery.easing.1.3.js]
[www.zenith.gg/wp-content/plugins/js_composer/assets/lib/bower/isotope/dist/isotope.pkgd.min7e15.js]
[www.zenith.gg/wp-content/themes/playerx/assets/js/modules/plugins/packery-mode.pkgd.min.js]
[www.zenith.gg/wp-content/themes/playerx/assets/js/modules/plugins/jquery.geocomplete.min.js]
[www.zenith.gg/wp-content/plugins/playerx-core/shortcodes/countdown/assets/js/plugins/jquery.countdown.min.js]
[www.zenith.gg/wp-content/plugins/playerx-core/shortcodes/counter/assets/js/plugins/counter.js]
[www.zenith.gg/wp-content/plugins/playerx-core/shortcodes/counter/assets/js/plugins/absoluteCounter.min.js]
[www.zenith.gg/wp-content/plugins/playerx-core/shortcodes/custom-font/assets/js/plugins/typed.js]
[www.zenith.gg/wp-content/plugins/playerx-core/shortcodes/full-screen-sections/assets/js/plugins/jquery.fullPage.min.js]
[www.zenith.gg/wp-content/plugins/playerx-core/shortcodes/pie-chart/assets/js/plugins/easypiechart.js]
[www.zenith.gg/wp-content/plugins/playerx-core/shortcodes/vertical-split-slider/assets/js/plugins/jquery.multiscroll.min.js]
[www.zenith.gg/wp-content/plugins/woocommerce/assets/js/select2/select2.full.minfa0c.js]
[www.zenith.gg/wp-content/themes/playerx/assets/js/modules.min.js]
[www.zenith.gg/wp-includes/js/wp-embed.min.js]
[www.zenith.gg/wp-content/plugins/js_composer/assets/js/dist/js_composer_front.min7e15.js]
[www.google.com/recaptcha/apiae20.js]
[www.zenith.gg/index.html]
[www.zenith.gg/wp-includes/css/dist/block-library/style.min.css]
[www.zenith.gg/wp-content/plugins/contact-form-7/includes/css/stylesa94e.css]
[www.zenith.gg/wp-content/plugins/revslider/public/assets/fonts/revicons/revicons90c6.eot]
[www.zenith.gg/wp-content/plugins/revslider/public/assets/fonts/revicons/revicons90c6.woff]
[www.zenith.gg/wp-content/plugins/revslider/public/assets/fonts/revicons/revicons90c6.ttf]
[www.zenith.gg/wp-content/plugins/revslider/public/assets/fonts/revicons/revicons90c6.svg]
[www.zenith.gg/wp-content/plugins/revslider/public/assets/assets/gridtile.png]
[www.zenith.gg/wp-content/plugins/revslider/public/assets/assets/gridtile_white.png]
[www.zenith.gg/wp-content/plugins/revslider/public/assets/assets/gridtile_3x3.png]
[www.zenith.gg/wp-content/plugins/revslider/public/assets/assets/gridtile_3x3_white.png]
[www.zenith.gg/wp-content/plugins/revslider/public/assets/assets/coloredbg.png]
[www.zenith.gg/wp-content/plugins/revslider/public/assets/assets/loader.gif]
[www.zenith.gg/wp-content/plugins/revslider/public/assets/css/settings23da.css]
[www.zenith.gg/wp-content/plugins/timetable/style/superfish.css]
[www.zenith.gg/wp-content/plugins/timetable/images/arrow_menu_expand.png]
[www.zenith.gg/wp-content/plugins/timetable/style/style.css]
[www.zenith.gg/wp-content/plugins/timetable/images/bullet.png]
[www.zenith.gg/wp-content/plugins/timetable/images/arrow_widget_expand.png]
[www.zenith.gg/wp-content/plugins/timetable/images/calendar.png]
[www.zenith.gg/wp-content/plugins/timetable/images/arrow_scroll_up.png]
[www.zenith.gg/wp-content/plugins/timetable/images/arrow_scroll_down.png]
[www.zenith.gg/wp-content/plugins/timetable/style/event_template.css]
[www.zenith.gg/wp-content/plugins/timetable/style/responsive.css]
[www.zenith.gg/wp-content/themes/playerx/style.css]
[www.zenith.gg/wp-content/themes/playerx/assets/img/preload_pattern.png]
[www.zenith.gg/wp-content/themes/playerx/framework/modules/blog/assets/img/audio/play.png]
[www.zenith.gg/wp-content/themes/playerx/framework/modules/blog/assets/img/audio/pause.png]
[www.zenith.gg/wp-content/themes/playerx/framework/modules/blog/assets/img/audio/stop.png]
[www.zenith.gg/wp-content/themes/playerx/framework/modules/blog/assets/img/audio/sound.png]
[www.zenith.gg/wp-content/themes/playerx/framework/modules/blog/assets/img/audio/mute.png]
[www.zenith.gg/wp-content/themes/playerx/assets/css/modules.min.css]
[www.zenith.gg/wp-content/themes/playerx/framework/lib/icons-pack/dripicons/fonts/dripicons-v2.eot]
[www.zenith.gg/wp-content/themes/playerx/framework/lib/icons-pack/dripicons/fonts/dripicons-v2d41d.eot]
[www.zenith.gg/wp-content/themes/playerx/framework/lib/icons-pack/dripicons/fonts/dripicons-v2.woff]
[www.zenith.gg/wp-content/themes/playerx/framework/lib/icons-pack/dripicons/fonts/dripicons-v2.ttf]
[www.zenith.gg/wp-content/themes/playerx/framework/lib/icons-pack/dripicons/dripicons.css]
[www.zenith.gg/wp-content/themes/playerx/framework/lib/icons-pack/dripicons/fonts/dripicons-v2.svg]
[www.zenith.gg/wp-content/themes/playerx/framework/lib/icons-pack/elegant-icons/fonts/ElegantIcons.eot]
[www.zenith.gg/wp-content/themes/playerx/framework/lib/icons-pack/elegant-icons/fonts/ElegantIconsd41d.eot]
[www.zenith.gg/wp-content/themes/playerx/framework/lib/icons-pack/elegant-icons/fonts/ElegantIcons.woff]
[www.zenith.gg/wp-content/themes/playerx/framework/lib/icons-pack/elegant-icons/fonts/ElegantIcons.ttf]
[www.zenith.gg/wp-content/themes/playerx/framework/lib/icons-pack/elegant-icons/style.min.css]
[www.zenith.gg/wp-content/themes/playerx/framework/lib/icons-pack/elegant-icons/fonts/ElegantIcons.svg]
[www.zenith.gg/wp-content/themes/playerx/framework/lib/icons-pack/font-awesome/webfonts/fa-brands-400.eot]
[www.zenith.gg/wp-content/themes/playerx/framework/lib/icons-pack/font-awesome/webfonts/fa-brands-400d41d.eot]
[www.zenith.gg/wp-content/themes/playerx/framework/lib/icons-pack/font-awesome/webfonts/fa-brands-400.woff2]
[www.zenith.gg/wp-content/themes/playerx/framework/lib/icons-pack/font-awesome/webfonts/fa-brands-400.woff]
[www.zenith.gg/wp-content/themes/playerx/framework/lib/icons-pack/font-awesome/webfonts/fa-brands-400.ttf]
[www.zenith.gg/wp-content/themes/playerx/framework/lib/icons-pack/font-awesome/webfonts/fa-regular-400.eot]
[www.zenith.gg/wp-content/themes/playerx/framework/lib/icons-pack/font-awesome/webfonts/fa-brands-400.svg]
[www.zenith.gg/wp-content/themes/playerx/framework/lib/icons-pack/font-awesome/webfonts/fa-regular-400d41d.eot]
[www.zenith.gg/wp-content/themes/playerx/framework/lib/icons-pack/font-awesome/webfonts/fa-regular-400.woff2]
[www.zenith.gg/wp-content/themes/playerx/framework/lib/icons-pack/font-awesome/webfonts/fa-regular-400.woff]
[www.zenith.gg/wp-content/themes/playerx/framework/lib/icons-pack/font-awesome/webfonts/fa-regular-400.ttf]
[www.zenith.gg/wp-content/themes/playerx/framework/lib/icons-pack/font-awesome/webfonts/fa-regular-400.svg]
[www.zenith.gg/wp-content/themes/playerx/framework/lib/icons-pack/font-awesome/webfonts/fa-solid-900.eot]
[www.zenith.gg/wp-content/themes/playerx/framework/lib/icons-pack/font-awesome/webfonts/fa-solid-900d41d.eot]
[www.zenith.gg/wp-content/themes/playerx/framework/lib/icons-pack/font-awesome/webfonts/fa-solid-900.woff2]
[www.zenith.gg/wp-content/themes/playerx/framework/lib/icons-pack/font-awesome/webfonts/fa-solid-900.woff]
[www.zenith.gg/wp-content/themes/playerx/framework/lib/icons-pack/font-awesome/webfonts/fa-solid-900.ttf]
[www.zenith.gg/wp-content/themes/playerx/framework/lib/icons-pack/font-awesome/css/fontawesome-all.min.css]
[www.zenith.gg/wp-content/themes/playerx/framework/lib/icons-pack/font-awesome/webfonts/fa-solid-900.svg]
[www.zenith.gg/wp-content/themes/playerx/framework/lib/icons-pack/ion-icons/fonts/ionicons28b5.eot]
[www.zenith.gg/wp-content/themes/playerx/framework/lib/icons-pack/ion-icons/fonts/ionicons28b5.ttf]
[www.zenith.gg/wp-content/themes/playerx/framework/lib/icons-pack/ion-icons/fonts/ionicons28b5.woff]
[www.zenith.gg/wp-content/themes/playerx/framework/lib/icons-pack/ion-icons/css/ionicons.min.css]
[www.zenith.gg/wp-content/themes/playerx/framework/lib/icons-pack/ion-icons/fonts/ionicons28b5.svg]
[www.zenith.gg/wp-content/themes/playerx/framework/lib/icons-pack/linea-icons/arrows/fonts/linea-arrows-10.eot]
[www.zenith.gg/wp-content/themes/playerx/framework/lib/icons-pack/linea-icons/arrows/fonts/linea-arrows-10d41d.eot]
[www.zenith.gg/wp-content/themes/playerx/framework/lib/icons-pack/linea-icons/arrows/fonts/linea-arrows-10.woff]
[www.zenith.gg/wp-content/themes/playerx/framework/lib/icons-pack/linea-icons/arrows/fonts/linea-arrows-10.ttf]
[www.zenith.gg/wp-content/themes/playerx/framework/lib/icons-pack/linea-icons/arrows/fonts/linea-arrows-10.svg]
[www.zenith.gg/wp-content/themes/playerx/framework/lib/icons-pack/linea-icons/basic/fonts/linea-basic-10.eot]
[www.zenith.gg/wp-content/themes/playerx/framework/lib/icons-pack/linea-icons/basic/fonts/linea-basic-10d41d.eot]
[www.zenith.gg/wp-content/themes/playerx/framework/lib/icons-pack/linea-icons/basic/fonts/linea-basic-10.woff]
[www.zenith.gg/wp-content/themes/playerx/framework/lib/icons-pack/linea-icons/basic/fonts/linea-basic-10.ttf]
[www.zenith.gg/wp-content/themes/playerx/framework/lib/icons-pack/linea-icons/basic/fonts/linea-basic-10.svg]
[www.zenith.gg/wp-content/themes/playerx/framework/lib/icons-pack/linea-icons/basic-elaboration/fonts/linea-basic-elaboration-10.eot]
[www.zenith.gg/wp-content/themes/playerx/framework/lib/icons-pack/linea-icons/basic-elaboration/fonts/linea-basic-elaboration-10d41d.eot]
[www.zenith.gg/wp-content/themes/playerx/framework/lib/icons-pack/linea-icons/basic-elaboration/fonts/linea-basic-elaboration-10.woff]
[www.zenith.gg/wp-content/themes/playerx/framework/lib/icons-pack/linea-icons/basic-elaboration/fonts/linea-basic-elaboration-10.ttf]
[www.zenith.gg/wp-content/themes/playerx/framework/lib/icons-pack/linea-icons/basic-elaboration/fonts/linea-basic-elaboration-10.svg]
[www.zenith.gg/wp-content/themes/playerx/framework/lib/icons-pack/linea-icons/ecommerce/fonts/linea-ecommerce-10.eot]
[www.zenith.gg/wp-content/themes/playerx/framework/lib/icons-pack/linea-icons/ecommerce/fonts/linea-ecommerce-10d41d.eot]
[www.zenith.gg/wp-content/themes/playerx/framework/lib/icons-pack/linea-icons/ecommerce/fonts/linea-ecommerce-10.woff]
[www.zenith.gg/wp-content/themes/playerx/framework/lib/icons-pack/linea-icons/ecommerce/fonts/linea-ecommerce-10.ttf]
[www.zenith.gg/wp-content/themes/playerx/framework/lib/icons-pack/linea-icons/ecommerce/fonts/linea-ecommerce-10.svg]
[www.zenith.gg/wp-content/themes/playerx/framework/lib/icons-pack/linea-icons/music/fonts/linea-music-10.eot]
[www.zenith.gg/wp-content/themes/playerx/framework/lib/icons-pack/linea-icons/music/fonts/linea-music-10d41d.eot]
[www.zenith.gg/wp-content/themes/playerx/framework/lib/icons-pack/linea-icons/music/fonts/linea-music-10.woff]
[www.zenith.gg/wp-content/themes/playerx/framework/lib/icons-pack/linea-icons/music/fonts/linea-music-10.ttf]
[www.zenith.gg/wp-content/themes/playerx/framework/lib/icons-pack/linea-icons/music/fonts/linea-music-10.svg]
[www.zenith.gg/wp-content/themes/playerx/framework/lib/icons-pack/linea-icons/software/fonts/linea-software-10.eot]
[www.zenith.gg/wp-content/themes/playerx/framework/lib/icons-pack/linea-icons/software/fonts/linea-software-10d41d.eot]
[www.zenith.gg/wp-content/themes/playerx/framework/lib/icons-pack/linea-icons/software/fonts/linea-software-10.woff]
[www.zenith.gg/wp-content/themes/playerx/framework/lib/icons-pack/linea-icons/software/fonts/linea-software-10.ttf]
[www.zenith.gg/wp-content/themes/playerx/framework/lib/icons-pack/linea-icons/software/fonts/linea-software-10.svg]
[www.zenith.gg/wp-content/themes/playerx/framework/lib/icons-pack/linea-icons/weather/fonts/linea-weather-10.eot]
[www.zenith.gg/wp-content/themes/playerx/framework/lib/icons-pack/linea-icons/weather/fonts/linea-weather-10d41d.eot]
[www.zenith.gg/wp-content/themes/playerx/framework/lib/icons-pack/linea-icons/weather/fonts/linea-weather-10.woff]
[www.zenith.gg/wp-content/themes/playerx/framework/lib/icons-pack/linea-icons/weather/fonts/linea-weather-10.ttf]
[www.zenith.gg/wp-content/themes/playerx/framework/lib/icons-pack/linea-icons/style.css]
[www.zenith.gg/wp-content/themes/playerx/framework/lib/icons-pack/linea-icons/weather/fonts/linea-weather-10.svg]
[www.zenith.gg/wp-content/themes/playerx/framework/lib/icons-pack/linear-icons/fonts/Linearicons-Free54e9.eot]
[www.zenith.gg/wp-content/themes/playerx/framework/lib/icons-pack/linear-icons/fonts/Linearicons-Freed41d.eot]
[www.zenith.gg/wp-content/themes/playerx/framework/lib/icons-pack/linear-icons/fonts/Linearicons-Free54e9.woff2]
[www.zenith.gg/wp-content/themes/playerx/framework/lib/icons-pack/linear-icons/fonts/Linearicons-Free54e9.woff]
[www.zenith.gg/wp-content/themes/playerx/framework/lib/icons-pack/linear-icons/fonts/Linearicons-Free54e9.ttf]
[www.zenith.gg/wp-content/themes/playerx/framework/lib/icons-pack/linear-icons/style.css]
[www.zenith.gg/wp-content/themes/playerx/framework/lib/icons-pack/linear-icons/fonts/Linearicons-Free54e9.svg]
[www.zenith.gg/wp-content/themes/playerx/framework/lib/icons-pack/simple-line-icons/fonts/Simple-Line-Icons4c82.eot]
[www.zenith.gg/wp-content/themes/playerx/framework/lib/icons-pack/simple-line-icons/fonts/Simple-Line-Iconsd41d.eot]
[www.zenith.gg/wp-content/themes/playerx/framework/lib/icons-pack/simple-line-icons/fonts/Simple-Line-Icons4c82.ttf]
[www.zenith.gg/wp-content/themes/playerx/framework/lib/icons-pack/simple-line-icons/fonts/Simple-Line-Icons4c82.woff2]
[www.zenith.gg/wp-content/themes/playerx/framework/lib/icons-pack/simple-line-icons/fonts/Simple-Line-Icons4c82.woff]
[www.zenith.gg/wp-content/themes/playerx/framework/lib/icons-pack/simple-line-icons/simple-line-icons.css]
[www.zenith.gg/wp-content/themes/playerx/framework/lib/icons-pack/simple-line-icons/fonts/Simple-Line-Icons4c82.svg]
[www.zenith.gg/wp-includes/js/mediaelement/mediaelementplayer-legacy.minc270.css]
[www.zenith.gg/wp-includes/js/mediaelement/wp-mediaelement.min.css]
[www.zenith.gg/wp-content/themes/playerx/assets/css/woocommerce.min.css]
[www.zenith.gg/wp-content/themes/playerx/assets/css/woocommerce-responsive.min.css]
[www.zenith.gg/wp-content/uploads/2018/06/footer-background-img.jpg]
[www.zenith.gg/wp-content/themes/playerx/assets/css/style_dynamiccdef.css]
[www.zenith.gg/wp-content/themes/playerx/assets/css/modules-responsive.min.css]
[www.zenith.gg/wp-content/themes/playerx/assets/css/style_dynamic_responsivecdef.css]
[www.zenith.gg/wp-includes/js/mediaelement/mejs-controls.svg]
[www.zenith.gg/wp-content/plugins/js_composer/assets/vc/alert.png]
[www.zenith.gg/wp-content/plugins/js_composer/assets/vc/info.png]
[www.zenith.gg/wp-content/plugins/js_composer/assets/vc/tick.png]
[www.zenith.gg/wp-content/plugins/js_composer/assets/vc/exclamation.png]
[www.zenith.gg/wp-content/plugins/js_composer/assets/images/icons/address-book.png]
[www.zenith.gg/wp-content/plugins/js_composer/assets/images/icons/alarm-clock.png]
[www.zenith.gg/wp-content/plugins/js_composer/assets/images/icons/anchor.png]
[www.zenith.gg/wp-content/plugins/js_composer/assets/images/icons/application-image.png]
[www.zenith.gg/wp-content/plugins/js_composer/assets/images/icons/arrow.png]
[www.zenith.gg/wp-content/plugins/js_composer/assets/images/icons/asterisk.png]
[www.zenith.gg/wp-content/plugins/js_composer/assets/images/icons/auction-hammer.png]
[www.zenith.gg/wp-content/plugins/js_composer/assets/images/icons/balloon.png]
[www.zenith.gg/wp-content/plugins/js_composer/assets/images/icons/balloon-buzz.png]
[www.zenith.gg/wp-content/plugins/js_composer/assets/images/icons/balloon-facebook.png]
[www.zenith.gg/wp-content/plugins/js_composer/assets/images/icons/balloon-twitter.png]
[www.zenith.gg/wp-content/plugins/js_composer/assets/images/icons/battery-full.png]
[www.zenith.gg/wp-content/plugins/js_composer/assets/images/icons/binocular.png]
[www.zenith.gg/wp-content/plugins/js_composer/assets/images/icons/blue-document-excel.png]
[www.zenith.gg/wp-content/plugins/js_composer/assets/images/icons/blue-document-image.png]
[www.zenith.gg/wp-content/plugins/js_composer/assets/images/icons/blue-document-music.png]
[www.zenith.gg/wp-content/plugins/js_composer/assets/images/icons/blue-document-office.png]
[www.zenith.gg/wp-content/plugins/js_composer/assets/images/icons/blue-document-pdf.png]
[www.zenith.gg/wp-content/plugins/js_composer/assets/images/icons/blue-document-powerpoint.png]
[www.zenith.gg/wp-content/plugins/js_composer/assets/images/icons/blue-document-word.png]
[www.zenith.gg/wp-content/plugins/js_composer/assets/images/icons/bookmark.png]
[www.zenith.gg/wp-content/plugins/js_composer/assets/images/icons/camcorder.png]
[www.zenith.gg/wp-content/plugins/js_composer/assets/images/icons/camera.png]
[www.zenith.gg/wp-content/plugins/js_composer/assets/images/icons/chart.png]
[www.zenith.gg/wp-content/plugins/js_composer/assets/images/icons/chart-pie.png]
[www.zenith.gg/wp-content/plugins/js_composer/assets/images/icons/clock.png]
[www.zenith.gg/wp-content/plugins/js_composer/assets/images/icons/control.png]
[www.zenith.gg/wp-content/plugins/js_composer/assets/images/icons/fire.png]
[www.zenith.gg/wp-content/plugins/js_composer/assets/images/icons/heart.png]
[www.zenith.gg/wp-content/plugins/js_composer/assets/images/icons/mail.png]
[www.zenith.gg/wp-content/plugins/js_composer/assets/images/icons/plus-shield.png]
[www.zenith.gg/wp-content/plugins/js_composer/assets/images/icons/video.png]
[www.zenith.gg/wp-content/plugins/js_composer/assets/fonts/vc_icons_v2/fonts/vcpb-plugin-iconsb82a.eot]
[www.zenith.gg/wp-content/plugins/js_composer/assets/fonts/vc_icons_v2/fonts/vcpb-plugin-iconsb82a.ttf]
[www.zenith.gg/wp-content/plugins/js_composer/assets/fonts/vc_icons_v2/fonts/vcpb-plugin-iconsb82a.woff]
[www.zenith.gg/wp-content/plugins/js_composer/assets/fonts/vc_icons_v2/fonts/vcpb-plugin-iconsb82a.svg]
[www.zenith.gg/wp-content/plugins/js_composer/assets/images/toggle_open.png]
[www.zenith.gg/wp-content/plugins/js_composer/assets/images/toggle_close.png]
[www.zenith.gg/wp-content/plugins/js_composer/assets/images/flickr.png]
[www.zenith.gg/wp-content/plugins/js_composer/assets/fonts/vc_grid/vc_grid_v157a1.eot]
[www.zenith.gg/wp-content/plugins/js_composer/assets/fonts/vc_grid/vc_grid_v1d41d.eot]
[www.zenith.gg/wp-content/plugins/js_composer/assets/fonts/vc_grid/vc_grid_v157a1.woff]
[www.zenith.gg/wp-content/plugins/js_composer/assets/fonts/vc_grid/vc_grid_v157a1.ttf]
[www.zenith.gg/wp-content/plugins/js_composer/assets/fonts/vc_grid/vc_grid_v157a1.svg]
[www.zenith.gg/wp-content/plugins/js_composer/assets/images/spinner.gif]
[www.zenith.gg/wp-content/plugins/js_composer/assets/vc/remove.png]
[www.zenith.gg/wp-content/plugins/js_composer/assets/css/js_composer.min7e15.css]
[www.zenith.gg/about-us/feed/index.html]
[www.zenith.gg/wp-json/oembed/1.0/embedbf9c.json]
[www.zenith.gg/index2735.html]
[www.zenith.gg/wp-json/oembed/1.0/embed9537]
[www.zenith.gg/wp-content/uploads/2018/11/ZenithWhiteTransparent.png]
[www.zenith.gg/wp-content/uploads/2019/01/winners-1024x768.jpg]
[www.zenith.gg/about-us/index.html]
[www.zenith.gg/wp-includes/js/comment-reply.min.js]
[www.zenith.gg/wp-json/oembed/1.0/embedda88.json]
[www.zenith.gg/index330c.html]
[www.zenith.gg/wp-json/oembed/1.0/embedfab6]
[www.zenith.gg/pubg.html]
[www.zenith.gg/team/index.html]
[www.zenith.gg/lol.html]
[www.zenith.gg/wp-json/oembed/1.0/embed0a5f.json]
[www.zenith.gg/indexda3d.html]
[www.zenith.gg/wp-json/oembed/1.0/embed3ce7]
[www.zenith.gg/wp-content/uploads/2018/06/logo-divided-header.png]
[www.zenith.gg/wp-content/uploads/2018/12/P4troN-e1545104600366.jpg]
[www.zenith.gg/wp-content/uploads/2019/09/roth-e1567604093564.png]
[www.zenith.gg/wp-content/uploads/2019/09/kendo-e1567604049302.jpg]
[www.zenith.gg/pubg/index.html]
[www.zenith.gg/wp-json/oembed/1.0/embed8d40.json]
[www.zenith.gg/index8043.html]
[www.zenith.gg/wp-json/oembed/1.0/embed048a]
[www.zenith.gg/wp-content/uploads/2018/12/Dayos-e1545931938456.jpg]
[www.zenith.gg/wp-content/uploads/2018/12/3in1-e1545931904830.jpg]
[www.zenith.gg/wp-content/uploads/2018/12/Vakin-e1545931581397.png]
[www.zenith.gg/wp-content/uploads/2018/12/Glissyboyy-e1545931967286.png]
[www.zenith.gg/wp-content/uploads/2019/01/Zenith_Quantum.png]
[www.zenith.gg/wp-content/uploads/2018/12/Zenith_Str1fe-e1545931628265.jpg]
[www.zenith.gg/wp-content/uploads/2019/01/Zenith_Pookar.jpg]
[www.zenith.gg/wp-content/uploads/2019/01/Zenith_Anchor-e1546493917108.jpg]
[www.zenith.gg/wp-content/uploads/2019/01/Zenith_Tomo-e1546493475285.jpg]
[www.zenith.gg/lol/index.html]
[www.zenith.gg/wp-json/oembed/1.0/embedee29.json]
[www.zenith.gg/index908d.html]
[www.zenith.gg/wp-json/oembed/1.0/embed5dc6]
[www.zenith.gg/wp-content/uploads/2016/02/Featured-Image-1-1024x576.png]
[www.zenith.gg/wp-content/uploads/2016/02/Featured-Image-1024x576.png]
[www.zenith.gg/wp-content/uploads/2016/02/basic-1024x576.png]
[www.zenith.gg/wp-content/uploads/2016/02/Understanding-1-1024x576.png]
[www.zenith.gg/blog/index.html]
[www.zenith.gg/2016/02/18/why-do-you-like-league-of-legends/index.html]
[www.zenith.gg/wp-json/oembed/1.0/embed2f36.json]
[www.zenith.gg/category/news/index.html]
[www.zenith.gg/2016/02/index.html]
[www.zenith.gg/2016/02/22/proper-wave-management-basic-and-advanced-techniques/index.html]
[www.zenith.gg/2016/02/18/noticing-your-mistakes/index.html]
[www.zenith.gg/wp-json/oembed/1.0/embeddd15]
[www.zenith.gg/contact-us/index.html]
[www.zenith.gg/2016/02/22/understanding-and-conquering-tilt/index.html]
[www.zenith.gg/category/training/index.html]
[www.zenith.gg/category/uncategorised/index.html]
[www.zenith.gg/category/home/index.html]
[www.zenith.gg/2016/03/index.html]
[www.zenith.gg/wp-json/oembed/1.0/embeddfce.json]
[www.zenith.gg/indexb95d.html]
[www.zenith.gg/index2bd8.html]
[www.zenith.gg/2016/03/01/proper-wave-management-in-game-applications/feed/index.html]
[www.zenith.gg/wp-content/uploads/2016/02/Top-Banner-4.png]
[www.zenith.gg/wp-json/oembed/1.0/embed7f84]
[www.zenith.gg/wp-content/uploads/2016/02/Top-Banner-4-1024x192.png]
[www.zenith.gg/wp-content/uploads/2016/02/GD-B-WM.png]
[www.zenith.gg/author/misleading/index.html]
[www.zenith.gg/wp-content/uploads/2016/02/GD-B-WM-1024x96.png]
[www.zenith.gg/wp-content/uploads/2016/02/Hard-Push.png]
[www.zenith.gg/wp-content/uploads/2016/02/Hard-Push-300x225.png]
[www.zenith.gg/wp-content/uploads/2016/02/SoftPush.png]
[www.zenith.gg/wp-content/uploads/2016/02/SoftPush-300x225.png]
[www.zenith.gg/wp-content/uploads/2016/02/GD-SS-1024x96.png]
[www.zenith.gg/wp-content/uploads/2016/02/YouRecalling.png]
[www.zenith.gg/wp-content/uploads/2016/02/Recalling.png]
[www.zenith.gg/wp-content/uploads/2016/02/Farming.png]
[www.zenith.gg/wp-content/uploads/2016/02/Building.png]
[www.zenith.gg/wp-content/uploads/2016/02/Defending.png]
[www.zenith.gg/wp-content/uploads/2016/02/Roaming.png]
[www.zenith.gg/wp-content/uploads/2016/02/Salutation-1.png]
[www.zenith.gg/wp-content/uploads/2016/02/Salutation-1-1024x192.png]
[www.zenith.gg/wp-content/uploads/2016/02/Understanding-1.png]
[www.zenith.gg/wp-logineef3.html]
[www.zenith.gg/wp-content/uploads/2016/02/Featured-Image-1-150x150.png]
[www.zenith.gg/wp-content/uploads/2016/02/Featured-Image-150x150.png]
[www.zenith.gg/wp-content/uploads/2016/02/basic-150x150.png]
[www.zenith.gg/author/index.html]
[www.zenith.gg/wp-content/uploads/2019/03/UCI17_Esports_1line_white-1.png]
[www.zenith.gg/wp-content/uploads/2019/05/GLL-Wingman-7-Main-Fit.png]
[www.zenith.gg/wp-content/uploads/2019/02/Buff_Katarinalogo_square.png]
[www.zenith.gg/wp-content/uploads/2019/02/Super_Nova_eSportslogo_square.png]
[www.zenith.gg/wp-content/uploads/2019/03/NPL_Contenders_2019_logo.png]
[www.zenith.gg/2016/03/01/proper-wave-management-in-game-applications/index.html]
[www.zenith.gg/match-item/bloody-invite-semi-finals-lol-team-vs-uci-e-sports/index.html]
[www.zenith.gg/match-item/gll-wingman/index.html]
[www.zenith.gg/wp-json/oembed/1.0/embedf4d1.json]
[www.zenith.gg/match-item/lol-team-vs-buff-katarina/index.html]
[www.zenith.gg/match-item/lol-team-vs-supernova/index.html]
[www.zenith.gg/match-item/npl-contenders/index.html]
[www.zenith.gg/2016/03/08/proper-wave-management-adapting-champion-scaling/feed/index.html]
[www.zenith.gg/wp-json/oembed/1.0/embed97bd]
[www.zenith.gg/wp-content/uploads/2016/03/Top-Banner-1024x192.png]
[www.zenith.gg/wp-content/uploads/2016/03/GD-EGC-1.png]
[www.zenith.gg/index1865.html]
[www.zenith.gg/wp-content/uploads/2016/03/GD-EGC-1-1024x96.png]
[www.zenith.gg/wp-content/uploads/2016/03/GD-MGC-1-1024x96.png]
[www.zenith.gg/wp-content/uploads/2016/03/GD-LGC-1-1024x96.png]
[www.zenith.gg/wp-content/uploads/2016/03/GD-Adapting.png]
[www.zenith.gg/wp-content/uploads/2016/03/GD-Adapting-1024x96.png]
[www.zenith.gg/wp-content/uploads/2016/02/Resetting-the-Wave.png]
[www.zenith.gg/wp-content/uploads/2016/02/Resetting-the-Wave-300x225.png]
[www.zenith.gg/wp-content/uploads/2016/02/Freezing-300x225.png]
[www.zenith.gg/wp-content/uploads/2016/02/Freezing.png]
[www.zenith.gg/wp-content/uploads/2016/02/Building-the-Wave.png]
[www.zenith.gg/wp-content/uploads/2016/02/Building-the-Wave-300x225.png]
[www.zenith.gg/2016/03/08/proper-wave-management-adapting-champion-scaling/index.html]
[www.zenith.gg/wp-login85a6.html]
[www.zenith.gg/wp-json/oembed/1.0/embedd7b4.json]
[www.zenith.gg/index52fb.html]
[www.zenith.gg/2016/03/14/proper-wave-management-adapting-champion-scaling-part-2/feed/index.html]
[www.zenith.gg/wp-content/uploads/2016/03/Power-Spikes.png]
[www.zenith.gg/wp-json/oembed/1.0/embed66e6]
[www.zenith.gg/wp-content/uploads/2016/03/Power-Spikes-1024x96.png]
[www.zenith.gg/wp-content/uploads/2016/03/12729391_788213864656459_3059646505904020404_n.jpg]
[www.zenith.gg/wp-content/uploads/2016/03/12729391_788213864656459_3059646505904020404_n-150x150.jpg]
[www.zenith.gg/2016/03/14/proper-wave-management-adapting-champion-scaling-part-2/index.html]
[www.zenith.gg/wp-login9e21.html]
[www.zenith.gg/wp-json/oembed/1.0/embede9f1.json]
[www.zenith.gg/match-item/pubg-npl-phase-3/feed/index.html]
[www.zenith.gg/indexddd8.html]
[www.zenith.gg/wp-json/oembed/1.0/embeda4a6]
[www.zenith.gg/match-item/pubg-npl-phase-3/__]
[www.zenith.gg/wp-content/uploads/2019/01/ZEN_Pubg-252x332.png]
[www.zenith.gg/wp-content/plugins/playerx-core/assets/img/vs_light.png]
[www.zenith.gg/wp-content/uploads/2019/06/National_PUBG_League_final-252x332.png]
[www.zenith.gg/match-item/pubg-npl-phase-3/index.html]
[www.zenith.gg/wp-login8ad2.html]
[www.zenith.gg/wp-json/oembed/1.0/embedf496.json]
[www.zenith.gg/match-item/p1e-zenith-lol-vs-radiance/feed/index.html]
[www.zenith.gg/indexdc43.html]
[www.zenith.gg/wp-json/oembed/1.0/embedd194]
[www.zenith.gg/match-item/p1e-zenith-lol-vs-radiance/__]
[www.zenith.gg/wp-content/uploads/2019/01/ZEN_LOL-252x332.png]
[www.zenith.gg/wp-content/uploads/2019/08/Radiancelogo-252x332.png]
[www.zenith.gg/match-item/p1e-zenith-lol-vs-radiance/index.html]
[www.zenith.gg/wp-loginc04b.html]
[www.zenith.gg/wp-json/oembed/1.0/embed0455.json]
[www.zenith.gg/match-item/p1e-zenith-lol-vs-the-expendables/feed/index.html]
[www.zenith.gg/indexf060.html]
[www.zenith.gg/wp-json/oembed/1.0/embedb9f5]
[www.zenith.gg/match-item/p1e-zenith-lol-vs-the-expendables/__]
[www.zenith.gg/wp-content/uploads/2019/08/The_Expendableslogo-252x332.png]
[www.zenith.gg/match-item/p1e-zenith-lol-vs-the-expendables/index.html]
[www.zenith.gg/wp-logine990.html]
[www.zenith.gg/wp-json/oembed/1.0/embeda5a4.json]
[www.zenith.gg/match-item/zenith-pubg-vs-npl-relegation/feed/index.html]
[www.zenith.gg/index6ae5.html]
[www.zenith.gg/wp-json/oembed/1.0/embed0bc8]
[www.zenith.gg/match-item/zenith-pubg-vs-npl-relegation/__]
[www.zenith.gg/match-item/zenith-pubg-vs-npl-relegation/index.html]
[www.zenith.gg/wp-login566d.html]
[www.zenith.gg/wp-json/oembed/1.0/embed5c24.json]
[www.zenith.gg/match-item/zenith-lol-vs-anew-esports/feed/index.html]
[www.zenith.gg/index3679.html]
[www.zenith.gg/wp-json/oembed/1.0/embedc049]
[www.zenith.gg/match-item/zenith-lol-vs-anew-esports/__]
[www.zenith.gg/wp-content/uploads/2019/06/ANEW-Esports-300x229-252x332.png]
[www.zenith.gg/match-item/zenith-lol-vs-anew-esports/index.html]
[www.zenith.gg/wp-content/plugins/revslider/public/assets/fonts/revicons/revicons90c6.svg]
[www.zenith.gg/wp-content/plugins/revslider/public/assets/css/openhand.html]
[www.zenith.gg/wp-content/plugins/revslider/public/assets/css/closedhand.html]
[www.zenith.gg/wp-content/plugins/timetable/images/arrows-ffffff.html]
[www.zenith.gg/wp-content/plugins/timetable/images/shadow.html]
[www.zenith.gg/wp-content/themes/playerx/framework/lib/icons-pack/dripicons/fonts/dripicons-v2.svg]
[www.zenith.gg/wp-content/themes/playerx/framework/lib/icons-pack/elegant-icons/fonts/ElegantIcons.svg]
[www.zenith.gg/wp-content/themes/playerx/framework/lib/icons-pack/font-awesome/webfonts/fa-brands-400.svg]
[www.zenith.gg/wp-content/themes/playerx/framework/lib/icons-pack/font-awesome/webfonts/fa-regular-400.svg]
[www.zenith.gg/wp-content/themes/playerx/framework/lib/icons-pack/font-awesome/webfonts/fa-solid-900.svg]
[www.zenith.gg/wp-content/themes/playerx/framework/lib/icons-pack/ion-icons/fonts/ionicons28b5.svg]
[www.zenith.gg/wp-content/themes/playerx/framework/lib/icons-pack/linea-icons/arrows/fonts/linea-arrows-10.svg]
[www.zenith.gg/wp-content/themes/playerx/framework/lib/icons-pack/linea-icons/basic/fonts/linea-basic-10.svg]
[www.zenith.gg/wp-content/themes/playerx/framework/lib/icons-pack/linea-icons/basic-elaboration/fonts/linea-basic-elaboration-10.svg]
[www.zenith.gg/wp-content/themes/playerx/framework/lib/icons-pack/linea-icons/ecommerce/fonts/linea-ecommerce-10.svg]
[www.zenith.gg/wp-content/themes/playerx/framework/lib/icons-pack/linea-icons/music/fonts/linea-music-10.svg]
[www.zenith.gg/wp-content/themes/playerx/framework/lib/icons-pack/linea-icons/software/fonts/linea-software-10.svg]
[www.zenith.gg/wp-content/themes/playerx/framework/lib/icons-pack/linea-icons/weather/fonts/linea-weather-10.svg]
[www.zenith.gg/wp-content/themes/playerx/framework/lib/icons-pack/linear-icons/fonts/Linearicons-Free54e9.svg]
[www.zenith.gg/wp-content/themes/playerx/framework/lib/icons-pack/simple-line-icons/fonts/Simple-Line-Icons4c82.svg]
[www.zenith.gg/wp-includes/js/mediaelement/mejs-controls.svg]
[www.zenith.gg/wp-content/plugins/js_composer/assets/fonts/vc_icons_v2/fonts/vcpb-plugin-iconsb82a.svg]
[www.zenith.gg/wp-content/plugins/js_composer/assets/vc/blur.svg]
[www.zenith.gg/wp-content/plugins/js_composer/assets/fonts/vc_grid/vc_grid_v157a1.svg]
[www.zenith.gg/xmlrpc.php]
[www.zenith.gg/index2735.html]
[www.zenith.gg/index330c.html]
[www.zenith.gg/pubg.html]
[www.zenith.gg/lol.html]
[www.zenith.gg/indexda3d.html]
[www.zenith.gg/index8043.html]
[www.zenith.gg/index908d.html]
[www.zenith.gg/wp-login36be.html]
[www.zenith.gg/wp-json/oembed/1.0/embed326d.json]
[www.zenith.gg/2016/02/18/why-do-you-like-league-of-legends/feed/index.html]
[www.zenith.gg/index2fa7.html]
[www.zenith.gg/wp-json/oembed/1.0/embed32d9]
[www.zenith.gg/wp-content/uploads/2016/02/Featured-Image-1.png]
[www.zenith.gg/wp-content/uploads/2016/02/GD-S_Discussion-1024x96.png]
[www.zenith.gg/wp-content/uploads/2016/02/Teemo_Square_0.png]
[www.zenith.gg/wp-content/uploads/2016/02/The_Black_Cleaver_item.png]
[www.zenith.gg/wp-content/uploads/2016/02/Boots_of_Speed_item.png]
[www.zenith.gg/wp-content/uploads/2016/02/GD-Howling-Abyss-1024x96.png]
[www.zenith.gg/wp-content/uploads/2016/02/GD-Anime-1024x96.png]
[www.zenith.gg/wp-content/uploads/2016/02/GD-End_Discussion-1024x96.png]
[www.zenith.gg/2016/02/18/why-do-you-like-league-of-legends/index.html]
[www.zenith.gg/wp-loginab7a.html]
[www.zenith.gg/wp-content/uploads/2016/02/Featured-Image.png]
[www.zenith.gg/category/news/index.html]
[www.zenith.gg/wp-content/uploads/2016/02/basic.png]
[www.zenith.gg/2016/02/index.html]
[www.zenith.gg/category/news/feed/index.html]
[www.zenith.gg/2016/02/18/noticing-your-mistakes/feed/index.html]
[www.zenith.gg/wp-json/oembed/1.0/embed234f.json]
[www.zenith.gg/indexac40.html]
[www.zenith.gg/wp-content/uploads/2016/02/Top-Banner.png]
[www.zenith.gg/wp-json/oembed/1.0/embed3600]
[www.zenith.gg/wp-content/uploads/2016/02/Top-Banner-1024x192.png]
[www.zenith.gg/wp-content/uploads/2016/02/GD-RecRep.png]
[www.zenith.gg/wp-content/uploads/2016/02/GD-RecRep-1024x96.png]
[www.zenith.gg/wp-content/uploads/2016/02/GD-Factors.png]
[www.zenith.gg/wp-content/uploads/2016/02/GD-Factors-1024x96.png]
[www.zenith.gg/wp-content/uploads/2016/02/Article-Pic1-1024x576.png]
[www.zenith.gg/wp-content/uploads/2016/02/GD-Term.png]
[www.zenith.gg/wp-content/uploads/2016/02/GD-Term-1024x96.png]
[www.zenith.gg/2016/02/18/noticing-your-mistakes/index.html]
[www.zenith.gg/wp-logind45f.html]
[www.zenith.gg/wp-json/oembed/1.0/embeda989.json]
[www.zenith.gg/2016/02/22/proper-wave-management-basic-and-advanced-techniques/feed/index.html]
[www.zenith.gg/index03e9.html]
[www.zenith.gg/wp-content/uploads/2016/02/Featured-Item.png]
[www.zenith.gg/wp-json/oembed/1.0/embed9c8a]
[www.zenith.gg/wp-content/uploads/2016/02/Featured-Item-1024x576.png]
[www.zenith.gg/wp-content/uploads/2016/02/GD-PWF.png]
[www.zenith.gg/wp-content/uploads/2016/02/GD-PWF-1024x96.png]
[www.zenith.gg/wp-content/uploads/2016/02/GD-A-WM.png]
[www.zenith.gg/wp-content/uploads/2016/02/GD-A-WM-1024x96.png]
[www.zenith.gg/wp-content/uploads/2016/02/GR-Draw-300x225.png]
[www.zenith.gg/wp-content/uploads/2016/02/GR-Clump-300x225.png]
[www.zenith.gg/wp-content/uploads/2016/02/GR-Drop.png]
[www.zenith.gg/wp-content/uploads/2016/02/GR-Drop-300x225.png]
[www.zenith.gg/wp-content/uploads/2016/02/GR-Give-300x225.png]
[www.zenith.gg/wp-content/uploads/2016/02/GR-Stop-300x225.png]
[www.zenith.gg/wp-content/uploads/2016/02/GR-Freeze-300x225.png]
[www.zenith.gg/2016/02/22/proper-wave-management-basic-and-advanced-techniques/index.html]
[www.zenith.gg/category/training/index.html]
[www.zenith.gg/wp-login0c9f.html]
[www.zenith.gg/2016/02/22/understanding-and-conquering-tilt/feed/index.html]
[www.zenith.gg/index2d7f.html]
[www.zenith.gg/wp-json/oembed/1.0/embed8c8b]
[www.zenith.gg/wp-content/uploads/2016/02/Top-Banner-3-1024x192.png]
[www.zenith.gg/wp-content/uploads/2016/02/GD-Take-Control.png]
[www.zenith.gg/wp-content/uploads/2016/02/GD-Take-Control-1024x96.png]
[www.zenith.gg/wp-content/uploads/2016/02/Tilt.png]
[www.zenith.gg/wp-content/uploads/2016/02/Tilt-1024x96.png]
[www.zenith.gg/wp-content/uploads/2016/02/Zenith-Salutation.png]
[www.zenith.gg/wp-content/uploads/2016/02/Zenith-Salutation-1024x192.png]
[www.zenith.gg/2016/02/22/understanding-and-conquering-tilt/index.html]
[www.zenith.gg/category/uncategorised/index.html]
[www.zenith.gg/category/home/index.html]
[www.zenith.gg/2016/03/index.html]
[www.zenith.gg/index2bd8.html]
[www.zenith.gg/indexb95d.html]
[www.zenith.gg/author/misleading/index.html]
[www.zenith.gg/wp-login9c09.html]
[www.zenith.gg/category/uncategorised/feed/index.html]
[www.zenith.gg/wp-content/mu-plugins/force-strong-passwords/force-zxcvbn.min97e1.js]
[www.zenith.gg/wp-content/mu-plugins/force-strong-passwords/js-admin.min97e1.js]
[www.zenith.gg/category/home/feed/index.html]
[www.zenith.gg/wp-includes/css/dashicons.min9dff.css]
[www.zenith.gg/author/misleading/feed/index.html]
[www.zenith.gg/wp-includes/css/buttons.min9dff.css]
[www.zenith.gg/wp-loginc2b6.html]
[www.zenith.gg/wp-includes/js/zxcvbn-async.min5152.js]
[www.zenith.gg/wp-includes/js/underscore.min4511.js]
[www.zenith.gg/wp-logineef3.html]
[www.zenith.gg/author/index.html]
[www.zenith.gg/wp-includes/js/wp-util.min9dff.js]
[www.zenith.gg/wp-json/oembed/1.0/embed58c5.json]
[www.zenith.gg/indexbb23.html]
[www.zenith.gg/match-item/pubg-contenders-match/index.html]
[www.zenith.gg/match-item/bloody-invite-semi-finals-lol-team-vs-uci-e-sports/feed/index.html]
[www.zenith.gg/wp-json/oembed/1.0/embed0d6b]
[www.zenith.gg/match-item/bloody-invite-semi-finals-lol-team-vs-uci-e-sports/__]
[www.zenith.gg/wp-content/uploads/2019/03/UCI17_Esports_1line_white-1-252x332.png]
[www.zenith.gg/match-item/bloody-invite-semi-finals-lol-team-vs-uci-e-sports/index.html]
[www.zenith.gg/wp-login991a.html]
[www.zenith.gg/wp-json/oembed/1.0/embed06a2.json]
[www.zenith.gg/indexa1be.html]
[www.zenith.gg/match-item/player-one-lol-match/index.html]
[www.zenith.gg/match-item/gll-wingman/feed/index.html]
[www.zenith.gg/wp-json/oembed/1.0/embedd8b7]
[www.zenith.gg/match-item/gll-wingman/__]
[www.zenith.gg/wp-content/uploads/2019/05/GLL-Wingman-7-Main-Fit-252x332.png]
[www.zenith.gg/match-item/gll-wingman/index.html]
[www.zenith.gg/wp-loginb912.html]
[www.zenith.gg/wp-json/oembed/1.0/embed15b6.json]
[www.zenith.gg/match-item/npl-royal/index.html]
[www.zenith.gg/match-item/lol-team-vs-buff-katarina/feed/index.html]
[www.zenith.gg/indexbe7c.html]
[www.zenith.gg/wp-json/oembed/1.0/embed93ba]
[www.zenith.gg/match-item/lol-team-vs-buff-katarina/__]
[www.zenith.gg/wp-content/uploads/2019/02/Buff_Katarinalogo_square-252x332.png]
[www.zenith.gg/match-item/lol-team-vs-buff-katarina/index.html]
[www.zenith.gg/wp-loginbb0f.html]
[www.zenith.gg/wp-json/oembed/1.0/embed46bf.json]
[www.zenith.gg/indexead0.html]
[www.zenith.gg/match-item/pubg-gll-duo-finals/index.html]
[www.zenith.gg/match-item/lol-team-vs-supernova/feed/index.html]
[www.zenith.gg/wp-json/oembed/1.0/embedce4b]
[www.zenith.gg/match-item/lol-team-vs-supernova/__]
[www.zenith.gg/wp-content/uploads/2019/02/Super_Nova_eSportslogo_square-252x332.png]
[www.zenith.gg/match-item/lol-team-vs-supernova/index.html]
[www.zenith.gg/wp-logind537.html]
[www.zenith.gg/wp-json/oembed/1.0/embed3d9e.json]
[www.zenith.gg/indexd549.html]
[www.zenith.gg/match-item/pubg-playerone-duos/index.html]
[www.zenith.gg/match-item/npl-contenders/feed/index.html]
[www.zenith.gg/wp-json/oembed/1.0/embed8445]
[www.zenith.gg/match-item/npl-contenders/__]
[www.zenith.gg/wp-content/uploads/2019/03/NPL_Contenders_2019_logo-252x332.png]
[www.zenith.gg/match-item/npl-contenders/index.html]
[www.zenith.gg/index1865.html]
[www.zenith.gg/wp-login85a6.html]
[www.zenith.gg/index52fb.html]
[www.zenith.gg/wp-login9e21.html]
[www.zenith.gg/indexddd8.html]
[www.zenith.gg/match-item/pubg-npl-phase-3/__.html]
[www.zenith.gg/wp-login8ad2.html]
[www.zenith.gg/indexdc43.html]
[www.zenith.gg/match-item/p1e-zenith-lol-vs-radiance/__.html]
[www.zenith.gg/wp-loginc04b.html]
[www.zenith.gg/indexf060.html]
[www.zenith.gg/match-item/p1e-zenith-lol-vs-the-expendables/__.html]
[www.zenith.gg/wp-logine990.html]
[www.zenith.gg/index6ae5.html]
[www.zenith.gg/match-item/zenith-pubg-vs-npl-relegation/__.html]
[www.zenith.gg/wp-login566d.html]
[www.zenith.gg/index3679.html]
[www.zenith.gg/match-item/zenith-lol-vs-anew-esports/__.html]
[www.zenith.gg/wp-login36be.html]
[www.zenith.gg/index2fa7.html]
[www.zenith.gg/wp-loginab7a.html]
[www.zenith.gg/indexac40.html]
[www.zenith.gg/wp-logind45f.html]
[www.zenith.gg/index03e9.html]
[www.zenith.gg/wp-login0c9f.html]
[www.zenith.gg/index2d7f.html]
[www.zenith.gg/wp-content/uploads/2016/02/Top-Banner-3.png]
[www.zenith.gg/wp-loginbb30.html]
[www.zenith.gg/wp-login9c09.html]
[www.zenith.gg/category/training/feed/index.html]
[www.zenith.gg/wp-includes/fonts/dashicons2ce6.eot]
[www.zenith.gg/wp-json/oembed/1.0/embed732d]
[www.zenith.gg/wp-includes/fonts/dashicons2ce6.ttf]
[www.zenith.gg/wp-includes/css/dashicons.min9dff.css]
[www.zenith.gg/wp-includes/css/buttons.min9dff.css]
[www.zenith.gg/wp-loginc2b6.html]
[www.zenith.gg/wp-login.html]
[www.zenith.gg/wp-json/oembed/1.0/embeddb84.json]
[www.zenith.gg/indexbbdc.html]
[www.zenith.gg/match-item/player-1-duo-tournament/index.html]
[www.zenith.gg/match-item/pubg-contenders-match/feed/index.html]
[www.zenith.gg/wp-json/oembed/1.0/embede476]
[www.zenith.gg/match-item/pubg-contenders-match/__]
[www.zenith.gg/match-item/pubg-contenders-match/index.html]
[www.zenith.gg/indexbb23.html]
[www.zenith.gg/match-item/bloody-invite-semi-finals-lol-team-vs-uci-e-sports/__.html]
[www.zenith.gg/wp-login991a.html]
[www.zenith.gg/wp-login8732.html]
[www.zenith.gg/wp-json/oembed/1.0/embed874e.json]
[www.zenith.gg/match-item/player-one-lol-match/feed/index.html]
[www.zenith.gg/index0be3.html]
[www.zenith.gg/wp-json/oembed/1.0/embed85e8]
[www.zenith.gg/match-item/player-one-lol-match/__]
[www.zenith.gg/wp-content/uploads/2019/04/13noobz-252x332.png]
[www.zenith.gg/match-item/player-one-lol-match/index.html]
[www.zenith.gg/indexa1be.html]
[www.zenith.gg/match-item/gll-wingman/__.html]
[www.zenith.gg/wp-loginb912.html]
[www.zenith.gg/wp-login0457.html]
[www.zenith.gg/wp-json/oembed/1.0/embed57ba.json]
[www.zenith.gg/match-item/npl-royal/feed/index.html]
[www.zenith.gg/indexfc53.html]
[www.zenith.gg/wp-json/oembed/1.0/embed5c2c]
[www.zenith.gg/match-item/npl-royal/__]
[www.zenith.gg/wp-content/uploads/2019/02/NPL-Royale-logo-252x332.png]
[www.zenith.gg/match-item/npl-royal/index.html]
[www.zenith.gg/indexbe7c.html]
[www.zenith.gg/match-item/lol-team-vs-buff-katarina/__.html]
[www.zenith.gg/wp-loginbb0f.html]
[www.zenith.gg/wp-login0b5a.html]
[www.zenith.gg/wp-json/oembed/1.0/embed0f9d.json]
[www.zenith.gg/match-item/pubg-gll-duo-finals/feed/index.html]
[www.zenith.gg/index288d.html]
[www.zenith.gg/wp-json/oembed/1.0/embed4ec2]
[www.zenith.gg/match-item/pubg-gll-duo-finals/__]
[www.zenith.gg/wp-content/uploads/2019/02/GLL-Wingman-5-Main-Fit-1-e1546951827814_tbe9b5-252x332.png]
[www.zenith.gg/match-item/pubg-gll-duo-finals/index.html]
[www.zenith.gg/indexead0.html]
[www.zenith.gg/match-item/lol-team-vs-supernova/__.html]
[www.zenith.gg/wp-logind537.html]
[www.zenith.gg/wp-login8bff.html]
[www.zenith.gg/wp-json/oembed/1.0/embed4ba3.json]
[www.zenith.gg/match-item/pubg-playerone-duos/feed/index.html]
[www.zenith.gg/index872d.html]
[www.zenith.gg/wp-json/oembed/1.0/embed5494]
[www.zenith.gg/match-item/pubg-playerone-duos/__]
[www.zenith.gg/wp-content/uploads/2019/03/playerone-esports-252x332.jpg]
[www.zenith.gg/match-item/pubg-playerone-duos/index.html]
[www.zenith.gg/indexd549.html]
[www.zenith.gg/match-item/npl-contenders/__.html]
[www.zenith.gg/wp-loginbb30.html]
[www.zenith.gg/wp-login.html]
[www.zenith.gg/wp-login4339.html]
[www.zenith.gg/wp-json/oembed/1.0/embed398a.json]
[www.zenith.gg/match-item/player-1-duo-tournament/feed/index.html]
[www.zenith.gg/index5f6a.html]
[www.zenith.gg/wp-json/oembed/1.0/embed20db]
[www.zenith.gg/match-item/player-1-duo-tournament/__]
[www.zenith.gg/match-item/player-1-duo-tournament/index.html]
[www.zenith.gg/indexbbdc.html]
[www.zenith.gg/match-item/pubg-contenders-match/__.html]
[www.zenith.gg/wp-login8732.html]
[www.zenith.gg/index0be3.html]
[www.zenith.gg/match-item/player-one-lol-match/__.html]
[www.zenith.gg/wp-login0457.html]
[www.zenith.gg/indexfc53.html]
[www.zenith.gg/match-item/npl-royal/__.html]
[www.zenith.gg/wp-login0b5a.html]
[www.zenith.gg/index288d.html]
[www.zenith.gg/match-item/pubg-gll-duo-finals/__.html]
[www.zenith.gg/wp-login8bff.html]
[www.zenith.gg/index872d.html]
[www.zenith.gg/match-item/pubg-playerone-duos/__.html]
[www.zenith.gg/wp-login4339.html]
[www.zenith.gg/index5f6a.html]
[www.zenith.gg/match-item/player-1-duo-tournament/__.html]
[www.zenith.gg/wp-login598b.html]
[www.zenith.gg/wp-login598b.html]
